../Core/Src/main.c:80:5:main	8	static
../Core/Src/main.c:131:6:SystemClock_Config	88	static
../Core/Src/main.c:179:13:MX_ADC1_Init	24	static
../Core/Src/main.c:226:13:MX_CRC_Init	8	static
../Core/Src/main.c:252:13:MX_TIM2_Init	64	static
../Core/Src/main.c:310:13:MX_TIM3_Init	64	static
../Core/Src/main.c:369:13:MX_TIM4_Init	56	static
../Core/Src/main.c:418:13:MX_USART2_UART_Init	8	static
../Core/Src/main.c:451:13:MX_GPIO_Init	40	static
../Core/Src/main.c:501:6:HAL_TIM_PeriodElapsedCallback	16	static
../Core/Src/main.c:518:6:Error_Handler	4	static,ignoring_inline_asm
