../Core/Src/main.c:35:6:uartPrintf	16	static
../Core/Src/main.c:39:6:systemOnOff	8	static
../Core/Src/main.c:49:6:readTemperature	24	static
../Core/Src/main.c:64:6:updatePWM	16	static
../Core/Src/main.c:89:6:encoderBotao	8	static
../Core/Src/main.c:98:6:encoderGiro	16	static
../Core/Src/main.c:114:6:HAL_GPIO_EXTI_Callback	16	static
../Core/Src/main.c:127:5:main	64	static
../Core/Src/main.c:159:6:SystemClock_Config	88	static
../Core/Src/main.c:206:13:MX_ADC1_Init	24	static
../Core/Src/main.c:253:13:MX_TIM2_Init	32	static
../Core/Src/main.c:298:13:MX_TIM3_Init	64	static
../Core/Src/main.c:357:13:MX_TIM4_Init	56	static
../Core/Src/main.c:406:13:MX_USART2_UART_Init	8	static
../Core/Src/main.c:439:13:MX_GPIO_Init	40	static
../Core/Src/main.c:503:6:HAL_TIM_PeriodElapsedCallback	16	static
../Core/Src/main.c:520:6:Error_Handler	4	static,ignoring_inline_asm
