../Core/Src/main.c:91:6:uprintf	16	static
../Core/Src/main.c:95:6:toggleSystemOnOff	8	static
../Core/Src/main.c:107:6:readTemperature	24	static
../Core/Src/main.c:122:6:updatePWM	16	static
../Core/Src/main.c:148:6:encoderPushButtonHandler	8	static
../Core/Src/main.c:156:6:encoderRotationHandler	16	static
../Core/Src/main.c:178:6:HAL_GPIO_EXTI_Callback	16	static
../Core/Src/main.c:198:5:main	64	static
../Core/Src/main.c:263:6:SystemClock_Config	88	static
../Core/Src/main.c:310:13:MX_ADC1_Init	24	static
../Core/Src/main.c:357:13:MX_CRC_Init	8	static
../Core/Src/main.c:383:13:MX_TIM2_Init	32	static
../Core/Src/main.c:428:13:MX_TIM3_Init	64	static
../Core/Src/main.c:487:13:MX_TIM4_Init	56	static
../Core/Src/main.c:536:13:MX_USART2_UART_Init	8	static
../Core/Src/main.c:569:13:MX_GPIO_Init	40	static
../Core/Src/main.c:633:6:HAL_TIM_PeriodElapsedCallback	16	static
../Core/Src/main.c:650:6:Error_Handler	4	static,ignoring_inline_asm
