../Core/Src/main.c:81:5:main	8	static
../Core/Src/main.c:132:6:SystemClock_Config	88	static
../Core/Src/main.c:180:13:MX_ADC1_Init	24	static
../Core/Src/main.c:227:13:MX_CRC_Init	8	static
../Core/Src/main.c:253:13:MX_TIM2_Init	64	static
../Core/Src/main.c:311:13:MX_TIM3_Init	64	static
../Core/Src/main.c:370:13:MX_TIM4_Init	56	static
../Core/Src/main.c:419:13:MX_USART2_UART_Init	8	static
../Core/Src/main.c:452:13:MX_GPIO_Init	40	static
../Core/Src/main.c:502:6:HAL_TIM_PeriodElapsedCallback	16	static
../Core/Src/main.c:519:6:Error_Handler	4	static,ignoring_inline_asm
